MAP
  NAME          "vibegis"
  STATUS        ON
  EXTENT        -180 -90 180 90
  UNITS         DD
  SIZE          256 256
  IMAGETYPE     png
  SHAPEPATH     "/data"
  FONTSET       "/etc/mapserver/fonts.list"

  PROJECTION
    "init=epsg:4326"
  END

  OUTPUTFORMAT
    NAME "png"
    DRIVER AGG/PNG
    MIMETYPE "image/png"
    IMAGEMODE RGBA
    EXTENSION "png"
    TRANSPARENT ON
  END

  OUTPUTFORMAT
    NAME "jpeg"
    DRIVER AGG/JPEG
    MIMETYPE "image/jpeg"
    IMAGEMODE RGB
    EXTENSION "jpg"
    FORMATOPTION "QUALITY=85"
  END

  WEB
    METADATA
      "ows_title"                "WebGIS MapServer"
      "ows_abstract"             "Imagery and vector services for the Cesium client"
      "ows_onlineresource"       "http://localhost:8080/mapserver?"
      "ows_srs"                  "EPSG:4326 EPSG:3857 CRS:84"
      "ows_enable_request"       "*"
      "wms_feature_info_mime_type" "application/json"
      "ows_encoding"             "UTF-8"
    END
  END

  # --------------------------------------------------------------- vector
  # ------------------------------------------------------------ terrain-rgb
  # Optional: only needed if you ever want client-side meshing as a fallback.
  # The baked quantized-mesh tiles are served by nginx at /terrain instead.
  # ------------------------------------------------- admin boundaries (ADM2)
  # Two layers in one WMS GROUP: a simplified overview when zoomed out,
  # the full-resolution table when zoomed in. Clients request "admin".

  SYMBOL
    NAME "circle"
    TYPE ELLIPSE
    FILLED TRUE
    POINTS 1 1 END
  END
  INCLUDE "osm-layers.map"
  INCLUDE "uploads.map"
END
